2026-09-12 00:04:58,203::INFO::[SABnzbd:1135] --------------------------------
2026-09-12 00:04:58,203::INFO::[SABnzbd:1136] SABnzbd.py-5.1.3
2026-09-12 00:04:58,203::INFO::[SABnzbd:1137] Full executable path = /app/sabnzbd/SABnzbd.py
2026-09-12 00:04:58,204::INFO::[SABnzbd:1138] Arguments = "/app/sabnzbd/SABnzbd.py" "--config-file" "/config" "--server" "::"
2026-09-12 00:04:58,241::INFO::[SABnzbd:1147] Certifi version = 2026.06.17
2026-09-12 00:04:58,241::INFO::[SABnzbd:1148] Loaded additional certificates from /lsiopy/lib/python3.14/site-packages/certifi/cacert.pem
2026-09-12 00:04:58,241::INFO::[SABnzbd:1154] Using INI file /config/sabnzbd.ini
2026-09-12 00:04:58,241::INFO::[filesystem:798] Creating directories: /config/Downloads/incomplete
2026-09-12 00:04:58,242::INFO::[filesystem:798] Creating directories: /config/Downloads/complete
2026-09-12 00:04:58,258::INFO::[cfg:826] Config conversion set 1
2026-09-12 00:04:58,259::INFO::[cfg:862] Config conversion set 2
2026-09-12 00:04:58,259::INFO::[cfg:867] Config conversion set 3
2026-09-12 00:04:58,259::INFO::[cfg:878] Config conversion set 4
2026-09-12 00:04:58,260::INFO::[cfg:890] Config conversion set 5
2026-09-12 00:04:58,262::INFO::[config:995] Writing settings to INI file /config/sabnzbd.ini
2026-09-12 00:04:58,266::INFO::[filesystem:798] Creating directories: /config/admin/future
2026-09-12 00:04:58,267::INFO::[filesystem:1267] [N/A] /config/admin/totals10.sab missing
2026-09-12 00:05:01,795::INFO::[postproc:153] Loading postproc queue
2026-09-12 00:05:01,796::INFO::[filesystem:1267] [N/A] /config/admin/postproc2.sab missing
2026-09-12 00:05:01,796::INFO::[filesystem:1267] [N/A] /config/admin/watched_data2.sab missing
2026-09-12 00:05:01,797::INFO::[scheduler:191] Scheduling RSS interval task every 60 min (delay=26)
2026-09-12 00:05:01,797::INFO::[scheduler:200] Scheduling version check in 10 minutes and daily at 20:12
2026-09-12 00:05:01,797::INFO::[scheduler:215] Setting schedule for midnight auto history-purge
2026-09-12 00:05:01,797::INFO::[scheduler:224] Setting schedule for midnight BPS reset
2026-09-12 00:05:01,797::INFO::[scheduler:233] Setting schedule for midnight server expiration check
2026-09-12 00:05:01,798::INFO::[scheduler:242] Setting schedule for server quota check
2026-09-12 00:05:01,798::INFO::[filesystem:1267] [N/A] /config/admin/queue10.sab missing
2026-09-12 00:05:01,798::INFO::[__init__:315] All processes started
2026-09-12 00:05:01,798::INFO::[SABnzbd:333] Template location for Glitter is /app/sabnzbd/interfaces/Glitter
2026-09-12 00:05:01,799::INFO::[SABnzbd:333] Template location for Config is /app/sabnzbd/interfaces/Config
2026-09-12 00:05:01,800::INFO::[misc:1469] [N/A] Running external command: ['/usr/bin/unrar']
2026-09-12 00:05:02,204::INFO::[misc:1469] [N/A] Running external command: ['/usr/bin/7zz']
2026-09-12 00:05:02,678::INFO::[misc:1469] [N/A] Running external command: ['/usr/local/bin/par2', '-V']
2026-09-12 00:05:02,835::INFO::[SABnzbd:418] SABCTools module (v9.6.3)... found!
2026-09-12 00:05:02,835::INFO::[SABnzbd:419] SABCTools module is using SIMD set: AVX
2026-09-12 00:05:02,835::INFO::[SABnzbd:420] SABCTools module is linked to OpenSSL: True
2026-09-12 00:05:02,836::INFO::[SABnzbd:437] Cryptography module (v50.0.1)... found!
2026-09-12 00:05:02,836::INFO::[SABnzbd:440] par2 binary... found (/usr/local/bin/par2)
2026-09-12 00:05:02,836::INFO::[SABnzbd:447] UNRAR binary... found (/usr/bin/unrar)
2026-09-12 00:05:02,836::INFO::[SABnzbd:455] UNRAR binary version 7.23
2026-09-12 00:05:02,836::INFO::[SABnzbd:462] 7za binary... found (/usr/bin/7zz)
2026-09-12 00:05:02,836::INFO::[SABnzbd:464] 7za binary version 26.01
2026-09-12 00:05:02,836::INFO::[SABnzbd:470] nice binary... found (/bin/nice)
2026-09-12 00:05:02,837::INFO::[SABnzbd:474] ionice binary... found (/bin/ionice)
2026-09-12 00:05:02,838::INFO::[SABnzbd:1351] Starting web-interface on :::8080
2026-09-12 00:05:02,838::INFO::[_cplogging:213] [12/Sep/2026:00:05:02] ENGINE Bus STARTING
2026-09-12 00:05:03,107::INFO::[_cplogging:213] [12/Sep/2026:00:05:03] ENGINE Serving on http://:::8080
2026-09-12 00:05:03,107::INFO::[_cplogging:213] [12/Sep/2026:00:05:03] ENGINE Bus STARTED
2026-09-12 00:05:03,107::INFO::[SABnzbd:1390] Starting SABnzbd.py-5.1.3
2026-09-12 00:05:03,111::INFO::[dirscanner:121] Dirscanner starting up
2026-09-12 00:05:03,111::INFO::[panic:229] Launching browser with http://127.0.0.1:8080
2026-09-12 00:05:03,112::INFO::[notifier:169] Sending notification: SABnzbd - SABnzbd 5.1.3 started (type=startup, job_cat=None)
2026-09-12 00:05:03,112::INFO::[__init__:486] Commit = a647f73426cb70ad60ae7964b96c2d5e939b4727
2026-09-12 00:05:03,112::INFO::[__init__:487] Python-version = 3.14.7 (main, Aug 15 2026, 07:18:27) [GCC 15.2.0]
2026-09-12 00:05:03,112::INFO::[__init__:488] CPU architecture = x86_64
2026-09-12 00:05:03,112::INFO::[__init__:489] Platform = Docker
2026-09-12 00:05:03,112::INFO::[__init__:490] JSON-module = orjson 3.11.9
2026-09-12 00:05:03,112::INFO::[__init__:491] Preferred encoding = UTF-8
2026-09-12 00:05:03,113::INFO::[__init__:492] SSL version = OpenSSL 3.5.8 25 Aug 2026
2026-09-12 00:05:03,117::INFO::[zconfig:61] No bonjour/zeroconf support installed
2026-09-12 00:05:03,118::INFO::[ssdp:109] Serving SSDP on 172.23.0.3 as SABnzbd
2026-09-12 00:13:09,602::INFO::[__init__:208] Signal 15 caught, saving and exiting...
2026-09-12 00:13:09,624::INFO::[__init__:444] [N/A] Performing SABnzbd shutdown
2026-09-12 00:13:09,624::INFO::[__init__:348] SABnzbd shutting down...
2026-09-12 00:13:09,624::INFO::[ssdp:103] Stopping SSDP
2026-09-12 00:13:09,624::INFO::[directunpacker:554] Aborting all DirectUnpackers
2026-09-12 00:13:09,625::INFO::[notifier:169] Sending notification: SABnzbd - Shutting down (type=startup, job_cat=None)
2026-09-12 00:13:09,626::INFO::[downloader:690] Shutting down
2026-09-12 00:13:09,627::INFO::[nzbqueue:241] Saving queue
2026-09-12 00:13:09,628::INFO::[postproc:146] Saving postproc queue
2026-09-12 00:13:09,628::INFO::[__init__:424] All processes stopped
2026-09-12 00:13:09,628::INFO::[_cplogging:213] [12/Sep/2026:00:13:09] ENGINE Bus STOPPING
2026-09-12 00:13:10,044::INFO::[_cplogging:213] [12/Sep/2026:00:13:10] ENGINE HTTP Server cherrypy._cpwsgi_server.CPWSGIServer(('::', 8080)) shut down
2026-09-12 00:13:10,045::INFO::[_cplogging:213] [12/Sep/2026:00:13:10] ENGINE Bus STOPPED
2026-09-12 00:13:10,045::INFO::[_cplogging:213] [12/Sep/2026:00:13:10] ENGINE Bus EXITING
2026-09-12 00:13:10,045::INFO::[_cplogging:213] [12/Sep/2026:00:13:10] ENGINE Bus EXITED
2026-09-12 00:13:10,045::INFO::[notifier:169] Sending notification: SABnzbd - SABnzbd shutdown finished (type=startup, job_cat=None)
2026-09-12 00:13:10,046::INFO::[SABnzbd:1491] Leaving SABnzbd
